# Métacarctères
Caractères de la lignes qui sont interprétés.
Lors de leur interprétation, ils sont utilisés pour sélectionner (ou non) des noms de fichies mais pas que...
? : sélectionne un caractère, à l'exception du point en première position
[]: sélectionn un caractère ; permet de définir une classe de caractères
- : définit une suite de caractère
! : exprime une exclusion - employé avec la définition d'une suite
* : sélectionne toutes les chaine des caractères y compris la chaine vide, à l'exception du point en première position

Exemple:
[gildas@localhost system]$ ls
abc  abcdef  child-script
[gildas@localhost system]$ ls [a]*
abc  abcdef
[gildas@localhost system]$ ls [!a]*
child-script
[gildas@localhost system]$ ls [!a-z]*
ls: impossible d'accéder à '[!a-z]*': No such file or directory
[gildas@localhost system]$ ls [!A-Z]*
abc  abcdef

# Métacaractère et expression régulières
Bien que les 2 utilisent les même règles, il ne s'agit pas de la même chose.
Tous les caractères spéciaux des expr. regul. ne sont pas disponibles sous forme de métacaractères

# Négation
Différence de syntaxe avec les expressions régulières
Expression régulière, on utilise le caractère ^
